DGFGAEA2GFEFG4DGFGAEA2GFEFG4B>BB2B>BB2BAGAB2z2BBc>BAEA2GFEFG4

