BBcddcBAGGABB>AA2BBcddcBAGGABA>GG2AABGAB/c/BGAB/c/BAGADBBcddcBAGGABA>GG2

